HOME  .
QUERY 5t6p_prob.orig_init
TEMPL 5t6p_prob.orig_build.pdb
RESIDUE     1 A  E     1  _    -     -  -
RESIDUE     2 A  V     2  _     2    1  V
RESIDUE     3 A  K     3  _     3    2  K
RESIDUE     4 A  L     4  _     4    3  L
RESIDUE     5 A  V     5  _     5    4  V
RESIDUE     6 A  E     6  _     6    5  E
RESIDUE     7 A  S     7  _     7    6  S
RESIDUE     8 A  G     8  _     8    7  G
RESIDUE     9 A  G     9  _     9    8  G
RESIDUE    10 A  G    10  _    10    9  G
RESIDUE    11 A  L    11  _    11   10  L
RESIDUE    12 A  V    12  _    12   11  V
RESIDUE    13 A  A    13  _    13   12  A
RESIDUE    14 A  P    14  _    14   13  P
RESIDUE    15 A  G    15  _    15   14  G
RESIDUE    16 A  G    16  _    16   15  G
RESIDUE    17 A  S    17  _    17   16  S
RESIDUE    18 A  L    18  _    18   17  L
RESIDUE    19 A  K    19  _    19   18  K
RESIDUE    20 A  L    20  _    20   19  L
RESIDUE    21 A  S    21  _    21   20  S
RESIDUE    22 A  C    22  _    22   21  C
RESIDUE    23 A  A    23  _    23   22  A
RESIDUE    24 A  A    24  _    24   23  A
RESIDUE    25 A  S    25  _    25   24  S
RESIDUE    26 A  G    26  _    26   25  G
RESIDUE    27 A  F    27  _    27   26  F
RESIDUE    28 A  T    28  _    28   27  T
RESIDUE    29 A  F    29  _    29   28  F
RESIDUE    30 A  S    30  _    30   29  S
RESIDUE    31 A  S    31  _    31   30  S
RESIDUE    32 A  Y    32  _    32   31  Y
RESIDUE    33 A  P    33  _    33   32  P
RESIDUE    34 A  M    34  _    34   33  M
RESIDUE    35 A  S    35  _    35   34  S
RESIDUE    36 A  W    36  _    36   35  W
RESIDUE    37 A  V    37  _    37   36  V
RESIDUE    38 A  R    38  _    38   37  R
RESIDUE    39 A  Q    39  _    39   38  Q
RESIDUE    40 A  T    40  _    40   39  T
RESIDUE    41 A  P    41  _    41   40  P
RESIDUE    42 A  E    42  _    42   41  E
RESIDUE    43 A  K    43  _    43   42  K
RESIDUE    44 A  R    44  _    44   43  R
RESIDUE    45 A  L    45  _    45   44  L
RESIDUE    46 A  E    46  _    46   45  E
RESIDUE    47 A  W    47  _    47   46  W
RESIDUE    48 A  V    48  _    48   47  V
RESIDUE    49 A  A    49  _    49   48  A
RESIDUE    50 A  Y    50  _    50   49  Y
RESIDUE    51 A  I    51  _    51   50  I
RESIDUE    52 A  N    52  _    52   51  N
RESIDUE    53 A  N    53  _    53   52  N
RESIDUE    54 A  G    54  _    54   53  G
RESIDUE    55 A  G    55  _    55   54  G
RESIDUE    56 A  G    56  _    56   55  G
RESIDUE    57 A  N    57  _    57   56  N
RESIDUE    58 A  P    58  _    58   57  P
RESIDUE    59 A  Y    59  _    59   58  Y
RESIDUE    60 A  Y    60  _    60   59  Y
RESIDUE    61 A  P    61  _    61   60  P
RESIDUE    62 A  D    62  _    62   61  D
RESIDUE    63 A  T    63  _    63   62  T
RESIDUE    64 A  V    64  _    64   63  V
RESIDUE    65 A  K    65  _    65   64  K
RESIDUE    66 A  G    66  _    66   65  G
RESIDUE    67 A  R    67  _    67   66  R
RESIDUE    68 A  F    68  _    68   67  F
RESIDUE    69 A  T    69  _    69   68  T
RESIDUE    70 A  I    70  _    70   69  I
RESIDUE    71 A  S    71  _    71   70  S
RESIDUE    72 A  R    72  _    72   71  R
RESIDUE    73 A  D    73  _    73   72  D
RESIDUE    74 A  N    74  _    74   73  N
RESIDUE    75 A  A    75  _    75   74  A
RESIDUE    76 A  K    76  _    76   75  K
RESIDUE    77 A  N    77  _    77   76  N
RESIDUE    78 A  T    78  _    78   77  T
RESIDUE    79 A  L    79  _    79   78  L
RESIDUE    80 A  Y    80  _    80   79  Y
RESIDUE    81 A  L    81  _    81   80  L
RESIDUE    82 A  Q    82  _    82   81  Q
RESIDUE    83 A  M    83  _    83   82  M
RESIDUE    84 A  S    84  _    84   83  S
RESIDUE    85 A  S    85  _    85   84  S
RESIDUE    86 A  L    86  _    86   85  L
RESIDUE    87 A  K    87  _    87   86  K
RESIDUE    88 A  S    88  _    88   87  S
RESIDUE    89 A  E    89  _    89   88  E
RESIDUE    90 A  D    90  _    90   89  D
RESIDUE    91 A  T    91  _    91   90  T
RESIDUE    92 A  A    92  _    92   91  A
RESIDUE    93 A  I    93  _    93   92  I
RESIDUE    94 A  Y    94  _    94   93  Y
RESIDUE    95 A  Y    95  _    95   94  Y
RESIDUE    96 A  C    96  _    96   95  C
RESIDUE    97 A  I    97  _    97   96  I
RESIDUE    98 A  R    98  _    98   97  R
RESIDUE    99 A  Q    99  _    99   98  Q
RESIDUE   100 A  Y   100  _   100   99  Y
RESIDUE   101 A  Y   101  _   101  100  Y
RESIDUE   102 A  G   102  _   102  101  G
RESIDUE   103 A  F   103  _   103  102  F
RESIDUE   104 A  D   104  _   104  103  D
RESIDUE   105 A  Y   105  _   105  104  Y
RESIDUE   106 A  W   106  _   106  105  W
RESIDUE   107 A  G   107  _   107  106  G
RESIDUE   108 A  Q   108  _   108  107  Q
RESIDUE   109 A  G   109  _   109  108  G
RESIDUE   110 A  T   110  _   110  109  T
RESIDUE   111 A  T   111  _   111  110  T
RESIDUE   112 A  L   112  _   112  111  L
RESIDUE   113 A  T   113  _   113  112  T
RESIDUE   114 A  V   114  _   114  113  V
RESIDUE   115 A  S   115  _   115  114  S
RESIDUE   116 A  S   116  _   116  115  S
RESIDUE   117 A  A   117  _   117  116  A
RESIDUE   118 A  K   118  _   118  117  K
RESIDUE   119 A  T   119  _   119  118  T
RESIDUE   120 A  T   120  _   120  119  T
RESIDUE   121 A  P   121  _   121  120  P
RESIDUE   122 A  P   122  _   122  121  P
RESIDUE   123 A  S   123  _   123  122  S
RESIDUE   124 A  V   124  _   124  123  V
RESIDUE   125 A  Y   125  _   125  124  Y
RESIDUE   126 A  P   126  _   126  125  P
RESIDUE   127 A  L   127  _   127  126  L
RESIDUE   128 A  A   128  _   128  127  A
RESIDUE   129 A  P   129  _   129  128  P
RESIDUE   130 A  G   130  _    -     -  -
RESIDUE   131 A  S   131  _    -     -  -
RESIDUE   132 A  A   132  _    -     -  -
RESIDUE   133 A  A   133  _    -     -  -
RESIDUE   134 A  Q   134  _    -     -  -
RESIDUE   135 A  T   135  _    -     -  -
RESIDUE   136 A  N   136  _    -     -  -
RESIDUE   137 A  S   137  _    -     -  -
RESIDUE   138 A  M   138  _   138  130  M
RESIDUE   139 A  V   139  _   139  131  V
RESIDUE   140 A  T   140  _   140  132  T
RESIDUE   141 A  L   141  _   141  133  L
RESIDUE   142 A  G   142  _   142  134  G
RESIDUE   143 A  C   143  _   143  135  C
RESIDUE   144 A  L   144  _   144  136  L
RESIDUE   145 A  V   145  _   145  137  V
RESIDUE   146 A  K   146  _   146  138  K
RESIDUE   147 A  G   147  _   147  139  G
RESIDUE   148 A  Y   148  _   148  140  Y
RESIDUE   149 A  F   149  _   149  141  F
RESIDUE   150 A  P   150  _   150  142  P
RESIDUE   151 A  E   151  _   151  143  E
RESIDUE   152 A  P   152  _   152  144  P
RESIDUE   153 A  V   153  _   153  145  V
RESIDUE   154 A  T   154  _   154  146  T
RESIDUE   155 A  V   155  _   155  147  V
RESIDUE   156 A  T   156  _   156  148  T
RESIDUE   157 A  W   157  _   157  149  W
RESIDUE   158 A  N   158  _   158  150  N
RESIDUE   159 A  S   159  _   159  151  S
RESIDUE   160 A  G   160  _   160  152  G
RESIDUE   161 A  S   161  _   161  153  S
RESIDUE   162 A  L   162  _   162  154  L
RESIDUE   163 A  S   163  _   163  155  S
RESIDUE   164 A  S   164  _   164  156  S
RESIDUE   165 A  G   165  _   165  157  G
RESIDUE   166 A  V   166  _   166  158  V
RESIDUE   167 A  H   167  _   167  159  H
RESIDUE   168 A  T   168  _   168  160  T
RESIDUE   169 A  F   169  _   169  161  F
RESIDUE   170 A  P   170  _   170  162  P
RESIDUE   171 A  A   171  _   171  163  A
RESIDUE   172 A  V   172  _   172  164  V
RESIDUE   173 A  L   173  _   173  165  L
RESIDUE   174 A  Q   174  _   174  166  Q
RESIDUE   175 A  S   175  _   175  167  S
RESIDUE   176 A  D   176  _   176  168  D
RESIDUE   177 A  L   177  _   177  169  L
RESIDUE   178 A  Y   178  _   178  170  Y
RESIDUE   179 A  T   179  _   179  171  T
RESIDUE   180 A  L   180  _   180  172  L
RESIDUE   181 A  S   181  _   181  173  S
RESIDUE   182 A  S   182  _   182  174  S
RESIDUE   183 A  S   183  _   183  175  S
RESIDUE   184 A  V   184  _   184  176  V
RESIDUE   185 A  T   185  _   185  177  T
RESIDUE   186 A  V   186  _   186  178  V
RESIDUE   187 A  P   187  _   187  179  P
RESIDUE   188 A  S   188  _   188  180  S
RESIDUE   189 A  S   189  _   189  181  S
RESIDUE   190 A  T   190  _   190  182  T
RESIDUE   191 A  W   191  _   191  183  W
RESIDUE   192 A  P   192  _   192  184  P
RESIDUE   193 A  S   193  _   193  185  S
RESIDUE   194 A  E   194  _   194  186  E
RESIDUE   195 A  T   195  _   195  187  T
RESIDUE   196 A  V   196  _   196  188  V
RESIDUE   197 A  T   197  _   197  189  T
RESIDUE   198 A  C   198  _   198  190  C
RESIDUE   199 A  N   199  _   199  191  N
RESIDUE   200 A  V   200  _   200  192  V
RESIDUE   201 A  A   201  _   201  193  A
RESIDUE   202 A  H   202  _   202  194  H
RESIDUE   203 A  P   203  _   203  195  P
RESIDUE   204 A  A   204  _   204  196  A
RESIDUE   205 A  S   205  _   205  197  S
RESIDUE   206 A  S   206  _   206  198  S
RESIDUE   207 A  T   207  _   207  199  T
RESIDUE   208 A  K   208  _   208  200  K
RESIDUE   209 A  V   209  _   209  201  V
RESIDUE   210 A  D   210  _   210  202  D
RESIDUE   211 A  K   211  _   211  203  K
RESIDUE   212 A  K   212  _   212  204  K
RESIDUE   213 A  I   213  _   213  205  I
RESIDUE   214 A  V   214  _   214  206  V
RESIDUE   215 A  P   215  _   215  207  P
TER
END
